******************************************************************************
                  TI ARM Linker PC v5.2.5                      
******************************************************************************
>> Linked Mon Aug 29 20:15:12 2016

OUTPUT FILE NAME:   <video_camera.out>
ENTRY POINT SYMBOL: "_c_int00"  address: 20016d9d


MEMORY CONFIGURATION

         name            origin    length      used     unused   attr    fill
----------------------  --------  ---------  --------  --------  ----  --------
  SRAM_CODE             20004000   00020000  0001565c  0000a9a4  RW X
  SRAM_DATA             20024000   0001c000  0001a62f  000019d1  RW X


SEGMENT ALLOCATION MAP

run origin  load origin   length   init length attrs members
----------  ----------- ---------- ----------- ----- -------
20004000    20004000    00015660   00015660    r-x
  20004000    20004000    00000400   00000400    r-- .intvecs
  20004400    20004400    000142f0   000142f0    r-x .text
  200186f0    200186f0    0000096c   0000096c    r-- .const
  20019060    20019060    00000600   00000600    r-- .cinit
20024000    20024000    00014e58   00000000    rw-
  20024000    20024000    00010000   00000000    rw- .sysmem
  20034000    20034000    00004e58   00000000    rw- .data
20039000    20039000    000047d7   00000000    rw-
  20039000    20039000    000047d7   00000000    rw- .bss
2003f000    2003f000    00001000   00000000    rw-
  2003f000    2003f000    00001000   00000000    rw- .stack


SECTION ALLOCATION MAP

 output                                  attributes/
section   page    origin      length       input sections
--------  ----  ----------  ----------   ----------------
.intvecs   0    20004000    00000400     
                  20004000    00000400     startup_ccs.obj (.intvecs)

.init_array 
*          0    20004000    00000000     UNINITIALIZED

.text      0    20004400    000142f0     
                  20004400    0000125c     free_rtos.a : tasks.obj (.text)
                  2000565c    000010a6     rtsv7M4_T_le_eabi.lib : _printfi.obj (.text)
                  20006702    00000002     driverlib.a : interrupt.obj (.text:IntDefaultHandler)
                  20006704    00000f1c     rtsp_main_task.obj (.text)
                  20007620    00000e70     ovSifInterface.a : ov_sif_if.obj (.text)
                  20008490    00000b24     free_rtos.a : queue.obj (.text)
                  20008fb4    00000970     rtsp.a : rtsp.obj (.text)
                  20009924    00000908     provisioning.obj (.text)
                  2000a22c    000008ac     rtprtcp.a : rtcp_rtp.obj (.text)
                  2000aad8    00000748     get_av_task.obj (.text)
                  2000b220    00000696     audio_tx_task.obj (.text)
                  2000b8b6    00000002     --HOLE-- [fill = 0]
                  2000b8b8    000005fc     video_tx_task.obj (.text)
                  2000beb4    00000590     simplelink.a : driver.obj (.text:_SlDrvMsgRead)
                  2000c444    0000058c     cc_pal_app.obj (.text)
                  2000c9d0    0000045c     free_rtos.a : osi_freertos.obj (.text)
                  2000ce2c    000003dc     rtsv7M4_T_le_eabi.lib : memory.obj (.text)
                  2000d208    000003d8     lp3p0_board.obj (.text)
                  2000d5e0    00000290     uart_if.obj (.text)
                  2000d870    0000028c     main.obj (.text)
                  2000dafc    00000272     middleware.a : uart_hal.obj (.text:cc_uart_control)
                  2000dd6e    00000002     --HOLE-- [fill = 0]
                  2000dd70    000001fc     simplelink.a : driver.obj (.text:_SlDrvRxHdrRead)
                  2000df6c    000001f4     rtsv7M4_T_le_eabi.lib : ull_div_t2.obj (.text)
                  2000e160    000001e0     simplelink.a : driver.obj (.text:_SlDrvDataReadOp)
                  2000e340    000001d0                  : driver.obj (.text:_SlDrvReleasePoolObj)
                  2000e510    000001c0     timer_if.obj (.text)
                  2000e6d0    000001b6     rtsv7M4_T_le_eabi.lib : fd_add_t2.obj (.text)
                  2000e886    000001a4     middleware.a : uart_hal.obj (.text:cc_uart_isr)
                  2000ea2a    00000002     --HOLE-- [fill = 0]
                  2000ea2c    000001a0     simplelink.a : socket.obj (.text:sl_Accept)
                  2000ebcc    0000019c                  : driver.obj (.text:_SlDrvMsgWrite)
                  2000ed68    00000190                  : driver.obj (.text:_SlDrvDriverCBInit)
                  2000eef8    00000190                  : driver.obj (.text:_SlDrvWaitForPoolObj)
                  2000f088    00000178     driverlib.a : prcm.obj (.text:PRCMCC3200MCUInit)
                  2000f200    00000170     simplelink.a : driver.obj (.text:_SlFindAndSetActiveObj)
                  2000f370    00000170     lp3p0_plat_ops.obj (.text)
                  2000f4e0    00000160     middleware.a : uart_drv.obj (.text:uart_driver_load)
                  2000f640    0000014c     simplelink.a : driver.obj (.text:_SlDrvDataWriteOp)
                  2000f78c    00000148     middleware.a : spi_drv.obj (.text:spi_driver_load)
                  2000f8d4    00000140                  : cc_pm_ops.obj (.text:back_up_nvic_regs)
                  2000fa14    00000138                  : cc_pm_ops.obj (.text:restore_nvic_regs)
                  2000fb4c    00000136     rtsv7M4_T_le_eabi.lib : fd_div_t2.obj (.text)
                  2000fc82    00000002     --HOLE-- [fill = 0]
                  2000fc84    00000134                           : strtol.obj (.text)
                  2000fdb8    0000012a     free_rtos.a : list.obj (.text)
                  2000fee2    00000002     --HOLE-- [fill = 0]
                  2000fee4    00000128     simplelink.a : socket.obj (.text:sl_SendTo)
                  2001000c    00000120                  : driver.obj (.text:_SlDrvMsgReadCmdCtx)
                  2001012c    00000118                  : driver.obj (.text:_SlDrvDriverCBDeinit)
                  20010244    00000118     middleware.a : spi_drv.obj (.text:setup_dma_transfer)
                  2001035c    00000118     simplelink.a : socket.obj (.text:sl_Send)
                  20010474    00000110     free_rtos.a : port.obj (.text)
                  20010584    00000110     rtsv7M4_T_le_eabi.lib : xdscale.obj (.text)
                  20010694    00000108     middleware.a : rtc_hal.obj (.text:rtc_fast_domain_counter_rd)
                  2001079c    00000104     simplelink.a : netapp.obj (.text:_SlDrvNetAppEventHandler)
                  200108a0    00000104                  : fs.obj (.text:sl_FsRead)
                  200109a4    000000fc     rtsv7M4_T_le_eabi.lib : fd_mul_t2.obj (.text)
                  20010aa0    000000f0     driverlib.a : udma.obj (.text:uDMAChannelTransferSet)
                  20010b90    000000e8     simplelink.a : driver.obj (.text:_SlAsyncEventGenericHandler)
                  20010c78    000000e8     middleware.a : rtc_hal.obj (.text:cc_rtc_init)
                  20010d60    000000e4     pinmux.obj (.text)
                  20010e44    000000e4     simplelink.a : device.obj (.text:sl_Stop)
                  20010f28    000000e0     middleware.a : cc_timer.obj (.text:cc_timer_register_hwt_ops)
                  20011008    000000e0     simplelink.a : device.obj (.text:sl_Start)
                  200110e8    000000dc                  : driver.obj (.text:_SlDrvClassifyRxMsg)
                  200111c4    000000dc     middleware.a : cc_pm_ops.obj (.text:check_n_setup_S4_wakeup_from_gpio)
                  200112a0    000000d6                  : gpio_hal.obj (.text:restore_gpio_port)
                  20011376    00000002     --HOLE-- [fill = 0]
                  20011378    000000d4     simplelink.a : driver.obj (.text:_SlDrvMsgReadSpawnCtx)
                  2001144c    000000d4     middleware.a : gpio_hal.obj (.text:cc_gpio_get_spl_purpose)
                  20011520    000000d4                  : cc_io_park.obj (.text:cc_io_park_safe)
                  200115f4    000000d4     utils_if.obj (.text)
                  200116c8    000000d0     driverlib.a : spi.obj (.text:SPITransfer32)
                  20011798    000000ce                 : spi.obj (.text:SPITransfer16)
                  20011866    000000ce     middleware.a : dma_hal.obj (.text:cc_dma_submit_endp)
                  20011934    000000cc     simplelink.a : netapp.obj (.text:_sl_HandleAsync_DnsGetHostByService)
                  20011a00    000000c4                  : driver.obj (.text:_SlRemoveFromList)
                  20011ac4    000000c4     middleware.a : hw_timer32.obj (.text:cc_hwt32_init)
                  20011b88    000000c0     simplelink.a : driver.obj (.text:_SlDrvCmdOp)
                  20011c48    000000be     rtsv7M4_T_le_eabi.lib : xdnorm.obj (.text)
                  20011d06    00000002     --HOLE-- [fill = 0]
                  20011d08    000000ba     middleware.a : spi_hal.obj (.text:cc_spi_control)
                  20011dc2    00000002     --HOLE-- [fill = 0]
                  20011dc4    000000ba     free_rtos.a : portasm.obj (.text)
                  20011e7e    000000b8     driverlib.a : spi.obj (.text:SPITransfer8)
                  20011f36    00000002     --HOLE-- [fill = 0]
                  20011f38    000000b4     simplelink.a : device.obj (.text:sl_DevGet)
                  20011fec    000000b2     middleware.a : cc_pm_ops.obj (.text:check_n_setup_S3_wakeup_from_timer)
                  2001209e    00000002     --HOLE-- [fill = 0]
                  200120a0    000000b0     fs_if.obj (.text)
                  20012150    000000a8     driverlib.a : interrupt.obj (.text:IntDisable)
                  200121f8    000000a8                 : interrupt.obj (.text:IntEnable)
                  200122a0    000000a8     middleware.a : gpio_hal.obj (.text:gpio_interrupt_handler)
                  20012348    000000a8     simplelink.a : wlan.obj (.text:sl_WlanSmartConfigStart)
                  200123f0    000000a6     middleware.a : dma_hal.obj (.text:dma_arbt_bitmap)
                  20012496    00000002     --HOLE-- [fill = 0]
                  20012498    000000a4                  : cc_pm.obj (.text:enter_into_S3)
                  2001253c    000000a0     driverlib.a : spi.obj (.text:SPIConfigSetExpClk)
                  200125dc    000000a0     simplelink.a : driver.obj (.text:_SlDriverHandleError)
                  2001267c    0000009c     middleware.a : cc_pm_ops.obj (.text:cc_set_up_wkup_srcs)
                  20012718    0000009c     rtsv7M4_T_le_eabi.lib : memcpy_t2.obj (.text)
                  200127b4    0000009c     simplelink.a : socket.obj (.text:sl_Bind)
                  20012850    0000009a                  : device.obj (.text:_SlDrvDeviceEventHandler)
                  200128ea    0000009a     middleware.a : hw_timer32.obj (.text:hwt32_get_remaining)
                  20012984    00000098                  : cc_pm_ops.obj (.text:check_n_setup_S4_wakeup_from_timer)
                  20012a1c    00000098     simplelink.a : fs.obj (.text:sl_FsClose)
                  20012ab4    00000098     middleware.a : spi_drv.obj (.text:spi_handle_pm_cmd)
                  20012b4c    00000098                  : uart_drv.obj (.text:uart_handle_pm_cmd)
                  20012be4    00000094     driverlib.a : prcm.obj (.text:PRCMPeripheralClockGet)
                  20012c78    00000094                 : prcm.obj (.text:PRCMRTCMatchSet)
                  20012d0c    00000094     middleware.a : hw_timer32.obj (.text:hwt32_get_current)
                  20012da0    00000094     simplelink.a : fs.obj (.text:sl_FsGetInfo)
                  20012e34    00000090                  : netapp.obj (.text:_sl_HandleAsync_DnsGetHostByName)
                  20012ec4    00000090                  : netapp.obj (.text:_sl_HandleAsync_PingResponse)
                  20012f54    00000090     middleware.a : gpio_hal.obj (.text:cc_gpio_init)
                  20012fe4    00000090                  : spi_drv.obj (.text:spi_read)
                  20013074    00000090                  : spi_drv.obj (.text:spi_write)
                  20013104    0000008c                  : cc_pm.obj (.text:cc_pm_platform_ops_register)
                  20013190    0000008c     simplelink.a : fs.obj (.text:sl_FsOpen)
                  2001321c    0000008a     middleware.a : dma_hal.obj (.text:cc_dma_chan_config)
                  200132a6    0000008a                  : spi_drv.obj (.text:spi_open)
                  20013330    00000088     driverlib.a : interrupt.obj (.text:IntPendSet)
                  200133b8    00000088                 : prcm.obj (.text:PRCMHibernateIntervalSet)
                  20013440    00000088                 : pin.obj (.text:PinConfigSet)
                  200134c8    00000088                 : spi.obj (.text:SPITransfer)
                  20013550    00000088     rtsv7M4_T_le_eabi.lib : vsnprintf.obj (.text)
                  200135d8    00000088     simplelink.a : socket.obj (.text:sl_Recv)
                  20013660    00000086     rtsv7M4_T_le_eabi.lib : fd_cmp_t2.obj (.text:__aeabi_cdcmple)
                  200136e6    00000086                           : fd_cmp_t2.obj (.text:__aeabi_cdrcmple)
                  2001376c    00000086     middleware.a : spi_drv.obj (.text:setup_spi_dma)
                  200137f2    00000002     --HOLE-- [fill = 0]
                  200137f4    00000084                  : hw_timer32.obj (.text:hwt32_handle_monotone_timeout)
                  20013878    00000084                  : cc_timer.obj (.text:setup_timer_exec)
                  200138fc    00000082     driverlib.a : gpio.obj (.text:GPIOIntTypeSet)
                  2001397e    00000002     --HOLE-- [fill = 0]
                  20013980    00000080     simplelink.a : socket.obj (.text:_sl_HandleAsync_Connect)
                  20013a00    00000080                  : device.obj (.text:_sl_HandleAsync_InitComplete)
                  20013a80    00000080     middleware.a : cc_pm.obj (.text:do_try_S4_no_irq)
                  20013b00    00000080                  : hw_timer32.obj (.text:hwt32_update_monotone)
                  20013b80    0000007e     driverlib.a : prcm.obj (.text:PRCMRTCMatchGet)
                  20013bfe    0000007c                 : prcm.obj (.text:PRCMRTCGet)
                  20013c7a    00000002     --HOLE-- [fill = 0]
                  20013c7c    0000007c                 : spi.obj (.text:SPIIntStatus)
                  20013cf8    0000007c     simplelink.a : socket.obj (.text:sl_SetSockOpt)
                  20013d74    0000007a     middleware.a : cc_timer.obj (.text:insert_ordered_expiry)
                  20013dee    0000007a     rtsv7M4_T_le_eabi.lib : memset_t2.obj (.text)
                  20013e68    00000078     middleware.a : uart_hal.obj (.text:cc_uart_init)
                  20013ee0    00000078                  : dma_hal.obj (.text:incr_bitmap)
                  20013f58    00000078                  : cc_timer.obj (.text:isolate_expired_swt_list)
                  20013fd0    00000078                  : cc_timer.obj (.text:timer_isr)
                  20014048    00000076     driverlib.a : uart.obj (.text:UARTConfigSetExpClk)
                  200140be    00000076     middleware.a : spi_hal.obj (.text:cc_spi_configure)
                  20014134    00000074                  : dma_hal.obj (.text:cc_dma_alloc)
                  200141a8    00000074                  : dma_hal.obj (.text:cc_dma_desc_config)
                  2001421c    00000074                  : rtc_hal.obj (.text:cc_rtc_isr)
                  20014290    00000074                  : spi_hal.obj (.text:cc_spi_isr)
                  20014304    00000074                  : spi_hal.obj (.text:cc_spi_rd_submit)
                  20014378    00000074                  : spi_hal.obj (.text:cc_spi_wr_submit)
                  200143ec    00000074                  : cc_pm_ops.obj (.text:check_n_setup_S3_wakeup_from_gpio)
                  20014460    00000074                  : rtc_hal.obj (.text:rtc_value_rd)
                  200144d4    00000072     simplelink.a : cc_pal_pm.obj (.text:spi_Read)
                  20014546    00000002     --HOLE-- [fill = 0]
                  20014548    00000070     driverlib.a : hwspinlock.obj (.text:HwSpinLockTryAcquire)
                  200145b8    00000070                 : prcm.obj (.text:PRCMHibernateWakeUpGPIOSelect)
                  20014628    00000070     middleware.a : cc_pm.obj (.text:do_try_S3_no_irq)
                  20014698    00000070                  : cc_timer.obj (.text:handle_expired_swt)
                  20014708    00000070     simplelink.a : socket.obj (.text:sl_Socket)
                  20014778    0000006e     middleware.a : cc_pm.obj (.text:cc_modules_load)
                  200147e6    00000002     --HOLE-- [fill = 0]
                  200147e8    0000006c     simplelink.a : driver.obj (.text:_SlDrvCmdSend)
                  20014854    0000006c                  : netapp.obj (.text:_sl_NetAppSendTokenValue)
                  200148c0    0000006c     middleware.a : cc_timer.obj (.text:hw_timers_init)
                  2001492c    0000006c     rtsv7M4_T_le_eabi.lib : autoinit.obj (.text)
                  20014998    0000006c     middleware.a : rtc_hal.obj (.text:time_to_alarm)
                  20014a04    0000006a                  : hw_timer32.obj (.text:hwt32_stop)
                  20014a6e    0000006a     rtsv7M4_T_le_eabi.lib : copy_decompress_rle.obj (.text)
                  20014ad8    00000068     driverlib.a : timer.obj (.text:TimerIntUnregister)
                  20014b40    00000068     middleware.a : gpio_hal.obj (.text:cc_gpio_restore_context)
                  20014ba8    00000068                  : cc_pm.obj (.text:resume_from_S3)
                  20014c10    00000066     rtsv7M4_T_le_eabi.lib : xdunscal.obj (.text)
                  20014c76    00000066     middleware.a : spi_drv.obj (.text:setup_dma_desc)
                  20014cdc    00000064     simplelink.a : socket.obj (.text:_sl_HandleAsync_Accept)
                  20014d40    00000064     middleware.a : cc_timer.obj (.text:remove_elem)
                  20014da4    00000064                  : rtc_hal.obj (.text:rtc_alarm_rd)
                  20014e08    00000064     driverlib.a : udma.obj (.text:uDMAChannelAttributeDisable)
                  20014e6c    00000064                 : udma.obj (.text:uDMAChannelAttributeEnable)
                  20014ed0    00000060     middleware.a : hw_timer32.obj (.text:cc_hwt32_start)
                  20014f30    00000060                  : cc_pm.obj (.text:cc_module_drv_unregister)
                  20014f90    00000060                  : dma_hal.obj (.text:dma_submit_endp)
                  20014ff0    00000060     rtsv7M4_T_le_eabi.lib : sprintf.obj (.text)
                  20015050    0000005c     middleware.a : cc_pm.obj (.text:cc_idle_task_pm)
                  200150ac    0000005c                  : cc_pm.obj (.text:make_modules_to_M0_no_irq)
                  20015108    00000058     driverlib.a : interrupt.obj (.text:IntPendClear)
                  20015160    00000058                 : prcm.obj (.text:PRCMPeripheralReset)
                  200151b8    00000058     middleware.a : uart_hal.obj (.text:cc_uart_configure)
                  20015210    00000058                  : hw_timer32.obj (.text:hwt32_configure)
                  20015268    00000058                  : rtc_hal.obj (.text:set_alarm)
                  200152c0    00000056     rtsv7M4_T_le_eabi.lib : ltoa.obj (.text)
                  20015316    00000002     --HOLE-- [fill = 0]
                  20015318    00000054     driverlib.a : interrupt.obj (.text:IntPrioritySet)
                  2001536c    00000054     simplelink.a : socket.obj (.text:_sl_HandleAsync_Select)
                  200153c0    00000054     middleware.a : hw_timer32.obj (.text:cc_hwt32_get_current)
                  20015414    00000054                  : hw_timer32.obj (.text:cc_hwt32_get_remaining)
                  20015468    00000054                  : spi_hal.obj (.text:check_spictrl_inuse)
                  200154bc    00000054                  : cc_timer.obj (.text:hwt_get_current)
                  20015510    00000050     driverlib.a : prcm.obj (.text:PRCMSlowClkCtrGet)
                  20015560    00000050     simplelink.a : driver.obj (.text:_SlDrvRxIrqHandler)
                  200155b0    00000050                  : device.obj (.text:_sl_HandleAsync_Stop)
                  20015600    00000050     middleware.a : hw_timer32.obj (.text:cc_hwt32_update)
                  20015650    00000050                  : uart_hal.obj (.text:check_uart_state_inuse)
                  200156a0    00000050                  : spi_drv.obj (.text:free_spi_rtosdrv)
                  200156f0    00000050                  : uart_drv.obj (.text:free_uart_rtosdrv)
                  20015740    00000050                  : rtc_hal.obj (.text:hwt64_create_alarm)
                  20015790    00000050                  : interrupt_hal.obj (.text:register_isr)
                  200157e0    00000050     simplelink.a : socket.obj (.text:sl_Listen)
                  20015830    00000050     middleware.a : cc_timer.obj (.text:sw_timers_init)
                  20015880    0000004e                  : cc_io_park.obj (.text:apply_io_park)
                  200158ce    0000004e                  : spi_drv.obj (.text:map_moduleid_to_dmach)
                  2001591c    0000004e                  : spi_hal.obj (.text:setup_spi_dma_reg)
                  2001596a    00000002     --HOLE-- [fill = 0]
                  2001596c    0000004c     driverlib.a : hwspinlock.obj (.text:HwSpinLockRelease)
                  200159b8    0000004c                 : spi.obj (.text:SPIIntEnable)
                  20015a04    0000004c     simplelink.a : driver.obj (.text:_SlDrvProtectAsyncRespSetting)
                  20015a50    0000004c                  : socket.obj (.text:_sl_BuildAddress)
                  20015a9c    0000004c     middleware.a : cc_timer.obj (.text:calc_hwt_expiry_secs)
                  20015ae8    0000004c                  : hw_timer32.obj (.text:cc_hwt32_stop)
                  20015b34    0000004c                  : spi_hal.obj (.text:cc_spi_init)
                  20015b80    0000004c                  : spi_hal.obj (.text:free_spictrl)
                  20015bcc    0000004c                  : spi_hal.obj (.text:get_available_spictrl)
                  20015c18    0000004c                  : dma_hal.obj (.text:get_user_mux_mode)
                  20015c64    0000004c                  : rtc_hal.obj (.text:hwt64_update_alarm)
                  20015cb0    0000004c                  : dma_hal.obj (.text:is_user_alloted)
                  20015cfc    0000004c                  : cc_pm.obj (.text:push_modules_to_M4_no_irq)
                  20015d48    0000004c     rtsv7M4_T_le_eabi.lib : atoi.obj (.text)
                  20015d94    0000004c                           : cpy_tbl.obj (.text)
                  20015de0    0000004c     driverlib.a : udma.obj (.text:uDMAChannelAssign)
                  20015e2c    0000004c     middleware.a : util64.obj (.text:util_u32_nsec_add)
                  20015e78    0000004a                  : dma_hal.obj (.text:dma_mode_bitmap)
                  20015ec2    0000004a                  : hw_timer32.obj (.text:hwt32_handle_timeout)
                  20015f0c    00000048     driverlib.a : flash.obj (.text:FlashDisable)
                  20015f54    00000048                 : prcm.obj (.text:PRCMHibernateWakeupSourceDisable)
                  20015f9c    00000048                 : prcm.obj (.text:PRCMHibernateWakeupSourceEnable)
                  20015fe4    00000048                 : prcm.obj (.text:PRCMLPDSEnter)
                  2001602c    00000048                 : pin.obj (.text:PinConfigGet)
                  20016074    00000048                 : spi.obj (.text:SPIIntClear)
                  200160bc    00000048     middleware.a : cc_pm.obj (.text:add2tail_used_mod_list)
                  20016104    00000048                  : cc_pm_ops.obj (.text:cc_are_irqs_pending)
                  2001614c    00000048                  : hw_timer32.obj (.text:cc_hwt32_get_rollovers)
                  20016194    00000048                  : spi_drv.obj (.text:check_spi_rtosdrv_inuse)
                  200161dc    00000048                  : uart_drv.obj (.text:check_uart_rtosdrv_inuse)
                  20016224    00000048                  : uart_hal.obj (.text:free_uart_state)
                  2001626c    00000048                  : spi_drv.obj (.text:get_available_spi_rtosdrv)
                  200162b4    00000048                  : uart_drv.obj (.text:get_available_uart_rtosdrv)
                  200162fc    00000048                  : uart_hal.obj (.text:get_available_uart_state)
                  20016344    00000048                  : rtc_hal.obj (.text:hwt64_get_remaining)
                  2001638c    00000048                  : rtc_hal.obj (.text:rtc_alarm_wr)
                  200163d4    00000048     rtsv7M4_T_le_eabi.lib : fd_toi_t2.obj (.text)
                  2001641c    00000048     middleware.a : cc_timer.obj (.text:sched_timer_if_new)
                  20016464    00000048                  : util64.obj (.text:util_u32_nsec_sub)
                  200164ac    00000046     rtsv7M4_T_le_eabi.lib : ldexp.obj (.text)
                  200164f2    00000002     --HOLE-- [fill = 0]
                  200164f4    00000044     driverlib.a : prcm.obj (.text:PRCMSlowClkCtrMatchGet)
                  20016538    00000044                 : spi.obj (.text:SPIDmaMaskGet)
                  2001657c    00000044                 : timer.obj (.text:TimerConfigure)
                  200165c0    00000044     simplelink.a : driver.obj (.text:_SlDrvHandleHttpServerEvents)
                  20016604    00000044     middleware.a : hw_timer32.obj (.text:cc_hwt32_is_running)
                  20016648    00000044                  : cc_pm_ops.obj (.text:cc_restore_soc_data)
                  2001668c    00000044                  : rtc_hal.obj (.text:cc_rtc_fast_read_config)
                  200166d0    00000044                  : cc_timer.obj (.text:cc_timer_module_init)
                  20016714    00000044                  : hw_timer32.obj (.text:hwt32_process_monotone_current)
                  20016758    00000044                  : hw_timer32.obj (.text:hwt32_setup)
                  2001679c    00000044     rtsv7M4_T_le_eabi.lib : exit.obj (.text)
                  200167e0    00000044     simplelink.a : socket.obj (.text:sl_Close)
                  20016824    00000044                  : wlan.obj (.text:sl_WlanProfileDel)
                  20016868    00000044                  : wlan.obj (.text:sl_WlanSetMode)
                  200168ac    00000042     middleware.a : hw_timer32.obj (.text:hwt32_start)
                  200168ee    00000042                  : rtc_hal.obj (.text:is_alarm_cfg_valid)
                  20016930    00000042     simplelink.a : socket.obj (.text:sl_Htonl)
                  20016972    00000042     middleware.a : uart_drv.obj (.text:uart_callback_from_hal)
                  200169b4    00000040     driverlib.a : pin.obj (.text:PinModeSet)
                  200169f4    00000040     simplelink.a : driver.obj (.text:_SlDrvHandleNetAppEvents)
                  20016a34    00000040                  : driver.obj (.text:_SlDrvHandleWlanEvents)
                  20016a74    00000040                  : driver.obj (.text:_SlDrvSyncObjWaitTimeout)
                  20016ab4    00000040                  : socket.obj (.text:_sl_TruncatePayloadByProtocol)
                  20016af4    00000040     middleware.a : hw_timer32.obj (.text:cc_hwt32_isr)
                  20016b34    00000040                  : rtc_hal.obj (.text:rtc_ref_value_wr)
                  20016b74    00000040     rtsv7M4_T_le_eabi.lib : signal.obj (.text)
                  20016bb4    00000040     middleware.a : cc_pm.obj (.text:try_S2_no_irq)
                  20016bf4    0000003e                  : util64.obj (.text:util_u32_data_add)
                  20016c32    0000003c     simplelink.a : netapp.obj (.text:CopyPingResultsToReport)
                  20016c6e    00000002     --HOLE-- [fill = 0]
                  20016c70    0000003c     driverlib.a : prcm.obj (.text:PRCMPeripheralClkEnable)
                  20016cac    0000003c                 : prcm.obj (.text:PRCMSlowClkCtrFastGet)
                  20016ce8    0000003c                 : pin.obj (.text:PinDirModeSet)
                  20016d24    0000003c     middleware.a : cc_pm.obj (.text:cc_module_drv_register)
                  20016d60    0000003c                  : spi_drv.obj (.text:reset_spi_rtosdrv)
                  20016d9c    0000003c     rtsv7M4_T_le_eabi.lib : boot.obj (.text)
                  20016dd8    0000003c     simplelink.a : socket.obj (.text:sl_Htons)
                  20016e14    0000003c     driverlib.a : udma.obj (.text:uDMAChannelControlSet)
                  20016e50    0000003c     middleware.a : util64.obj (.text:util_u64_data_cmp)
                  20016e8c    0000003a                  : dma_hal.obj (.text:dma_type_bitmap)
                  20016ec6    0000003a                  : spi_drv.obj (.text:drv_callback_ops_complete)
                  20016f00    0000003a                  : spi_drv.obj (.text:trigger_spi_dma_transfer)
                  20016f3a    00000002     --HOLE-- [fill = 0]
                  20016f3c    00000038     simplelink.a : cc_pal_pm.obj (.text:NwpPowerOff)
                  20016f74    00000038     driverlib.a : prcm.obj (.text:PRCMIntDisable)
                  20016fac    00000038                 : prcm.obj (.text:PRCMIntEnable)
                  20016fe4    00000038     middleware.a : rtc_hal.obj (.text:cc_rtc_has_alarm)
                  2001701c    00000038     free_rtos.a : heap_3.obj (.text)
                  20017054    00000038     middleware.a : hw_timer32.obj (.text:hwt32_update)
                  2001708c    00000038                  : cc_timer.obj (.text:hwt_start)
                  200170c4    00000036     driverlib.a : gpio.obj (.text:GPIODirModeSet)
                  200170fa    00000002     --HOLE-- [fill = 0]
                  200170fc    00000034                 : prcm.obj (.text:PRCMPeripheralStatusGet)
                  20017130    00000034                 : spi.obj (.text:SPIFIFOLevelSet)
                  20017164    00000034     middleware.a : cc_timer.obj (.text:calc_hwt_expiry)
                  20017198    00000034                  : cc_pm.obj (.text:cc_app_resume_pm)
                  200171cc    00000034                  : hw_timer32.obj (.text:hwt32_config_monotone)
                  20017200    00000034                  : spi_hal.obj (.text:reset_spictrl)
                  20017234    00000034     rtsv7M4_T_le_eabi.lib : feraiseexcept.obj (.text)
                  20017268    00000034                           : strstr.obj (.text)
                  2001729c    00000032     middleware.a : rtc_hal.obj (.text:hwt64_get_current)
                  200172ce    00000032                  : cc_timer.obj (.text:hwt_update)
                  20017300    00000030     driverlib.a : pin.obj (.text:PinTypeGPIO)
                  20017330    00000030                 : uart.obj (.text:UARTDisable)
                  20017360    00000030     simplelink.a : fs.obj (.text:_sl_Strlen)
                  20017390    00000030     middleware.a : dma_hal.obj (.text:cc_dma_init)
                  200173c0    00000030                  : hw_timer32.obj (.text:cc_hwt32_register_cb)
                  200173f0    00000030                  : rtc_hal.obj (.text:clr_alarm)
                  20017420    00000030                  : spi_hal.obj (.text:get_dma_info)
                  20017450    00000030                  : rtc_hal.obj (.text:hw_access_time_addup)
                  20017480    00000030                  : rtc_hal.obj (.text:hwt64_is_running)
                  200174b0    00000030                  : rtc_hal.obj (.text:hwt64_register_cb)
                  200174e0    00000030                  : uart_drv.obj (.text:reset_uart_rtosdrv)
                  20017510    00000030                  : uart_hal.obj (.text:reset_uart_state)
                  20017540    00000030     rtsv7M4_T_le_eabi.lib : strncpy.obj (.text)
                  20017570    00000030                           : xferaise.obj (.text)
                  200175a0    00000030     middleware.a : cc_pm.obj (.text:try_S1_no_irq)
                  200175d0    0000002e     rtsv7M4_T_le_eabi.lib : i_tofd_t2.obj (.text)
                  200175fe    0000002e                           : raise.obj (.text)
                  2001762c    0000002e     simplelink.a : cc_pal_pm.obj (.text:spi_Write)
                  2001765a    0000002e     middleware.a : util64.obj (.text:util_u32_data_cmp)
                  20017688    0000002c     driverlib.a : prcm.obj (.text:PRCMLPDSIntervalSet)
                  200176b4    0000002c                 : prcm.obj (.text:PRCMSysResetCauseGet)
                  200176e0    0000002c     middleware.a : cc_pm.obj (.text:cc_app_putoff_pm)
                  2001770c    0000002c                  : interrupt_hal.obj (.text:global_intr_handler)
                  20017738    0000002c                  : rtc_hal.obj (.text:setup_alarm)
                  20017764    0000002c                  : cc_pm.obj (.text:try_S3_no_irq)
                  20017790    0000002c                  : cc_pm.obj (.text:try_S4_no_irq)
                  200177bc    0000002a     driverlib.a : timer.obj (.text:TimerLoadSet)
                  200177e6    0000002a                 : timer.obj (.text:TimerMatchSet)
                  20017810    0000002a                 : timer.obj (.text:TimerPrescaleSet)
                  2001783a    0000002a     middleware.a : rtc_hal.obj (.text:hwt64_clear_alarm)
                  20017864    0000002a     rtsv7M4_T_le_eabi.lib : xdclass.obj (.text)
                  2001788e    0000002a     middleware.a : cc_timer.obj (.text:set_activate)
                  200178b8    0000002a                  : cc_timer.obj (.text:set_scheduled)
                  200178e2    0000002a                  : util64.obj (.text:util_u64_data_add)
                  2001790c    0000002a                  : util64.obj (.text:util_u64_time_add)
                  20017936    00000002     --HOLE-- [fill = 0]
                  20017938    00000028     driverlib.a : prcm.obj (.text:IsRTCUsed)
                  20017960    00000028                 : prcm.obj (.text:PRCMLPDSWakeupSourceEnable)
                  20017988    00000028                 : prcm.obj (.text:PRCMPeripheralClkDisable)
                  200179b0    00000028     simplelink.a : driver.obj (.text:_SlDrvObjGlobalLockWaitForever)
                  200179d8    00000028                  : driver.obj (.text:_SlDrvProtectionObjLockWaitForever)
                  20017a00    00000028     middleware.a : cc_timer.obj (.text:get_hwt)
                  20017a28    00000028                  : spi_drv.obj (.text:spi_close)
                  20017a50    00000028                  : cc_pm_ops.obj (.text:wake_interrupt_handler)
                  20017a78    00000026     simplelink.a : cc_pal_pm.obj (.text:NwpRegisterInterruptHandler)
                  20017a9e    00000026     middleware.a : hw_timer32.obj (.text:hwt32_config_one_shot)
                  20017ac4    00000026                  : hw_timer32.obj (.text:hwt32_config_periodic)
                  20017aea    00000026     network_common.obj (.text)
                  20017b10    00000026     middleware.a : hw_timer32.obj (.text:v1_to_v2_offset32)
                  20017b36    00000002     --HOLE-- [fill = 0]
                  20017b38    00000024     driverlib.a : interrupt.obj (.text:IntUnregister)
                  20017b5c    00000024                 : prcm.obj (.text:PRCMLPDSWakeUpGPIOSelect)
                  20017b80    00000024                 : prcm.obj (.text:PRCMSlowClkCtrMatchSet)
                  20017ba4    00000024                 : prcm.obj (.text:RTCU16MSecRegRead)
                  20017bc8    00000024                 : prcm.obj (.text:RTCUseSet)
                  20017bec    00000024                 : uart.obj (.text:UARTCharPutNonBlocking)
                  20017c10    00000024                 : uart.obj (.text:UARTEnable)
                  20017c34    00000024     simplelink.a : driver.obj (.text:_SlDrvGlobalObjUnLock)
                  20017c58    00000024                  : driver.obj (.text:_SlDrvProtectionObjUnLock)
                  20017c7c    00000024                  : driver.obj (.text:_SlDrvSyncObjWaitForever)
                  20017ca0    00000024     middleware.a : rtc_hal.obj (.text:hwt64_get_frequency)
                  20017cc4    00000024     rtsv7M4_T_le_eabi.lib : memmov.obj (.text)
                  20017ce8    00000022     driverlib.a : gpio.obj (.text:GPIOIntStatus)
                  20017d0a    00000022                 : spi.obj (.text:SPIReset)
                  20017d2c    00000022                 : spi.obj (.text:SPIWordCountSet)
                  20017d4e    00000022                 : timer.obj (.text:TimerValueSet)
                  20017d70    00000022     simplelink.a : driver.obj (.text:_SlDrvObjLockWaitForever)
                  20017d92    00000022     middleware.a : hw_timer32.obj (.text:hwt32_is_running)
                  20017db4    00000022     rtsv7M4_T_le_eabi.lib : frexp.obj (.text)
                  20017dd6    00000022                           : memcmp.obj (.text)
                  20017df8    00000020     driverlib.a : gpio.obj (.text:GPIOPinWrite)
                  20017e18    00000020                 : interrupt.obj (.text:IntRegister)
                  20017e38    00000020     simplelink.a : cc_pal_pm.obj (.text:NwpPowerOn)
                  20017e58    00000020     driverlib.a : prcm.obj (.text:PRCMLPDSRestoreInfoSet)
                  20017e78    00000020                 : prcm.obj (.text:PRCMSRAMRetentionEnable)
                  20017e98    00000020                 : spi.obj (.text:SPIDataGet)
                  20017eb8    00000020     middleware.a : cc_pm.obj (.text:cc_pm_framework_init)
                  20017ed8    00000020                  : gpio_hal.obj (.text:gpio_wake_interrupt_handler)
                  20017ef8    00000020                  : rtc_hal.obj (.text:hwt64_get_rollovers)
                  20017f18    00000020                  : cc_timer.obj (.text:hwt_has_abs_time)
                  20017f38    00000020                  : cc_pm_ops.obj (.text:setup_S3_wakeup_from_nw)
                  20017f58    0000001e     driverlib.a : spi.obj (.text:SPIDataPut)
                  20017f76    0000001e                 : timer.obj (.text:TimerDisable)
                  20017f94    0000001e                 : timer.obj (.text:TimerEnable)
                  20017fb2    0000001e                 : timer.obj (.text:TimerIntStatus)
                  20017fd0    0000001e                 : uart.obj (.text:UARTCharPut)
                  20017fee    0000001e                 : uart.obj (.text:UARTIntStatus)
                  2001800c    0000001e     simplelink.a : driver.obj (.text:_SlDrvObjUnLock)
                  2001802a    0000001e                  : driver.obj (.text:_SlDrvSyncObjSignal)
                  20018048    0000001e     middleware.a : cc_timer.obj (.text:is_periodic)
                  20018066    0000001e                  : cc_timer.obj (.text:is_scheduled)
                  20018084    0000001e     rtsv7M4_T_le_eabi.lib : strcat.obj (.text)
                  200180a2    0000001c     driverlib.a : timer.obj (.text:TimerLoadGet)
                  200180be    0000001c                 : timer.obj (.text:TimerMatchGet)
                  200180da    0000001c                 : timer.obj (.text:TimerValueGet)
                  200180f6    0000001c                 : uart.obj (.text:UARTCharGetNonBlocking)
                  20018112    0000001c     middleware.a : cc_timer.obj (.text:calc_hwt_expiry_tick)
                  2001812e    0000001c     rtsv7M4_T_le_eabi.lib : memccpy.obj (.text)
                  2001814a    0000001c     simplelink.a : cc_pal_pm.obj (.text:spi_Open)
                  20018166    00000002     --HOLE-- [fill = 0]
                  20018168    0000001c     driverlib.a : udma.obj (.text:uDMAChannelEnable)
                  20018184    0000001c                 : udma.obj (.text:uDMAChannelRequest)
                  200181a0    0000001a                 : gpio.obj (.text:GPIOIntEnable)
                  200181ba    0000001a                 : pin.obj (.text:PinTypeSPI)
                  200181d4    0000001a                 : pin.obj (.text:PinTypeUART)
                  200181ee    0000001a                 : spi.obj (.text:SPIDmaEnable)
                  20018208    0000001a                 : spi.obj (.text:SPIFIFOEnable)
                  20018222    00000018                 : gpio.obj (.text:GPIOPinRead)
                  2001823a    00000002     --HOLE-- [fill = 0]
                  2001823c    00000018                 : prcm.obj (.text:PRCMLPDSWakeupSourceDisable)
                  20018254    00000018                 : spi.obj (.text:SPICSDisable)
                  2001826c    00000018                 : spi.obj (.text:SPICSEnable)
                  20018284    00000018                 : spi.obj (.text:SPIDisable)
                  2001829c    00000018                 : spi.obj (.text:SPIEnable)
                  200182b4    00000018                 : timer.obj (.text:TimerIntDisable)
                  200182cc    00000018                 : timer.obj (.text:TimerIntEnable)
                  200182e4    00000018                 : uart.obj (.text:UARTCharsAvail)
                  200182fc    00000018                 : uart.obj (.text:UARTDMADisable)
                  20018314    00000018                 : uart.obj (.text:UARTDMAEnable)
                  2001832c    00000018                 : uart.obj (.text:UARTIntDisable)
                  20018344    00000018                 : uart.obj (.text:UARTIntEnable)
                  2001835c    00000018     simplelink.a : device.obj (.text:_sl_GetStartResponseConvert)
                  20018374    00000018     middleware.a : rtc_hal.obj (.text:get_value)
                  2001838c    00000018                  : hw_timer32.obj (.text:hwt32_set_op_mode)
                  200183a4    00000018                  : cc_timer.obj (.text:hwt_is_running)
                  200183bc    00000018                  : cc_timer.obj (.text:hwt_stop)
                  200183d4    00000018     rtsv7M4_T_le_eabi.lib : args_main.obj (.text)
                  200183ec    00000016     driverlib.a : prcm.obj (.text:PRCMHIBRegRead)
                  20018402    00000016                 : prcm.obj (.text:PRCMHIBRegWrite)
                  20018418    00000016                 : uart.obj (.text:UARTFIFODisable)
                  2001842e    00000016                 : uart.obj (.text:UARTFIFOEnable)
                  20018444    00000016     simplelink.a : driver.obj (.text:_SlDrvMemZero)
                  2001845a    00000016     middleware.a : cc_pm_ops.obj (.text:cc_enter_S3)
                  20018470    00000016                  : hw_timer32.obj (.text:cc_hwt32_get_frequency)
                  20018486    00000016     rtsv7M4_T_le_eabi.lib : strchr.obj (.text)
                  2001849c    00000016     middleware.a : cc_pm_ops.obj (.text:setup_hib_gpio_wake)
                  200184b2    00000014     driverlib.a : cpu.obj (.text:CPUcpsie)
                  200184c6    00000014                 : gpio.obj (.text:GPIOIntClear)
                  200184da    00000002     --HOLE-- [fill = 0]
                  200184dc    00000014                 : interrupt.obj (.text:IntVTableBaseSet)
                  200184f0    00000014                 : prcm.obj (.text:PRCMHibernateEnter)
                  20018504    00000014     middleware.a : spi_hal.obj (.text:cc_spi_deinit)
                  20018518    00000014                  : uart_hal.obj (.text:cc_uart_deinit)
                  2001852c    00000014     rtsv7M4_T_le_eabi.lib : _lock.obj (.text)
                  20018540    00000014                           : strlen.obj (.text)
                  20018554    00000014     driverlib.a : udma.obj (.text:uDMAControlBaseSet)
                  20018568    00000012                 : timer.obj (.text:TimerIntClear)
                  2001857a    00000012                 : uart.obj (.text:UARTIntClear)
                  2001858c    00000012     middleware.a : cc_pm_ops.obj (.text:cc_back_up_soc_data)
                  2001859e    00000012                  : dma_hal.obj (.text:dst_incr_bitmap)
                  200185b0    00000012                  : dma_hal.obj (.text:src_incr_bitmap)
                  200185c2    00000002     --HOLE-- [fill = 0]
                  200185c4    00000010     driverlib.a : prcm.obj (.text:RTCU32SecRegRead)
                  200185d4    00000010     simplelink.a : driver.obj (.text:_SlDrvDispatchHttpServerEvents)
                  200185e4    00000010     middleware.a : cc_timer.obj (.text:cmp_u64)
                  200185f4    0000000e     simplelink.a : driver.obj (.text:_SlDrvResetCmdExt)
                  20018602    0000000e     rtsv7M4_T_le_eabi.lib : copy_decompress_none.obj (.text:decompress:none)
                  20018610    0000000e     simplelink.a : cc_pal_pm.obj (.text:spi_Close)
                  2001861e    0000000e     startup_ccs.obj (.text)
                  2001862c    0000000c     driverlib.a : cpu.obj (.text:CPUwfi)
                  20018638    0000000c     simplelink.a : cc_pal_pm.obj (.text:NwpMaskInterrupt)
                  20018644    0000000c                  : cc_pal_pm.obj (.text:NwpUnMaskInterrupt)
                  20018650    0000000c     driverlib.a : prcm.obj (.text:PRCMIntStatus)
                  2001865c    0000000c                 : prcm.obj (.text:PRCMLPDSWakeupCauseGet)
                  20018668    0000000c     middleware.a : cc_pm_ops.obj (.text:cc_handle_S3_wakeup)
                  20018674    0000000c     rtsv7M4_T_le_eabi.lib : copy_zero_init.obj (.text:decompress:ZI)
                  20018680    0000000c     middleware.a : spi_drv.obj (.text:spi_interrupt_handler)
                  2001868c    0000000c     driverlib.a : udma.obj (.text:uDMAEnable)
                  20018698    0000000c     middleware.a : uart_drv.obj (.text:uart_interrupt_handler)
                  200186a4    0000000a                  : interrupt_hal.obj (.text:CPUipsr)
                  200186ae    0000000a     driverlib.a : interrupt.obj (.text:IntMasterEnable)
                  200186b8    0000000a     middleware.a : cc_pm_ops.obj (.text:cc_enter_S1)
                  200186c2    0000000a                  : cc_pm_ops.obj (.text:cc_enter_S4)
                  200186cc    00000008     driverlib.a : prcm.obj (.text:PRCMRTCInUseSet)
                  200186d4    00000008                 : prcm.obj (.text:PRCMSleepEnter)
                  200186dc    00000006                 : utils.obj (.text:UtilsDelay)
                  200186e2    00000006     rtsv7M4_T_le_eabi.lib : copy_decompress_rle.obj (.text:decompress:rle24)
                  200186e8    00000004     middleware.a : cc_pm_ops.obj (.text:cc_enter_S2)
                  200186ec    00000004     rtsv7M4_T_le_eabi.lib : pre_init.obj (.text)

.const     0    200186f0    0000096c     
                  200186f0    00000120     lp3p0_plat_ops.obj (.const:.string)
                  20018810    00000101     rtsv7M4_T_le_eabi.lib : ctype.obj (.const:.string:_ctypes_)
                  20018911    00000003     --HOLE-- [fill = 0]
                  20018914    00000100     driverlib.a : pin.obj (.const:g_ulPinToPadMap)
                  20018a14    000000d4                 : interrupt.obj (.const:g_pulRegs)
                  20018ae8    000000a8                 : prcm.obj (.const:PRCM_PeriphRegsList)
                  20018b90    00000082     rtsp_main_task.obj (.const:.string)
                  20018c12    00000080     middleware.a : dma_hal.obj (.const:chan_mux)
                  20018c92    00000002     --HOLE-- [fill = 0]
                  20018c94    00000080     driverlib.a : interrupt.obj (.const)
                  20018d14    00000058     rtprtcp.a : rtcp_rtp.obj (.const)
                  20018d6c    0000003c     simplelink.a : driver.obj (.const:OpcodeTranslateTable)
                  20018da8    0000003c                  : wlan.obj (.const)
                  20018de4    00000038                  : driver.obj (.const:_SlActionLookupTable)
                  20018e1c    00000038                  : driver.obj (.const)
                  20018e54    00000034                  : socket.obj (.const)
                  20018e88    0000002c     provisioning.obj (.const:$P$T0$1)
                  20018eb4    0000002c     rtsp_main_task.obj (.const)
                  20018ee0    0000002c     simplelink.a : fs.obj (.const)
                  20018f0c    00000028                  : netapp.obj (.const)
                  20018f34    00000021     provisioning.obj (.const:.string)
                  20018f55    00000003     --HOLE-- [fill = 0]
                  20018f58    00000020     middleware.a : cc_timer.obj (.const)
                  20018f78    0000001c     fs_if.obj (.const)
                  20018f94    0000001c     simplelink.a : device.obj (.const)
                  20018fb0    00000018     driverlib.a : spi.obj (.const)
                  20018fc8    00000018     middleware.a : hw_timer32.obj (.const)
                  20018fe0    00000016     get_av_task.obj (.const:.string)
                  20018ff6    00000014     video_tx_task.obj (.const:.string)
                  2001900a    00000010     simplelink.a : socket.obj (.const:.string)
                  2001901a    00000002     --HOLE-- [fill = 0]
                  2001901c    00000010     audio_tx_task.obj (.const)
                  2001902c    00000010     video_tx_task.obj (.const)
                  2001903c    0000000f     audio_tx_task.obj (.const:.string)
                  2001904b    00000001     --HOLE-- [fill = 0]
                  2001904c    00000008     middleware.a : rtc_hal.obj (.const)
                  20019054    00000004     ovSifInterface.a : ov_sif_if.obj (.const:.string)
                  20019058    00000004     driverlib.a : hwspinlock.obj (.const)

.cinit     0    20019060    00000600     
                  20019060    000005dc     (.cinit..data.load) [load image, compression = rle]
                  2001963c    0000000c     (__TI_handler_table)
                  20019648    00000008     (.cinit..bss.load) [load image, compression = zero_init]
                  20019650    00000010     (__TI_cinit_table)

.sysmem    0    20024000    00010000     UNINITIALIZED
                  20024000    00000008     rtsv7M4_T_le_eabi.lib : memory.obj (.sysmem)
                  20024008    0000fff8     --HOLE--

.data      0    20034000    00004e58     UNINITIALIZED
                  20034000    000028ac     video_tx_task.obj (.data:app_v_data)
                  200368ac    000005dc     rtsp.a : rtsp.obj (.data:resp_buffer)
                  20036e88    000005dc     rtsp_main_task.obj (.data:rtsp_rx_buffer)
                  20037464    000005dc     rtsp_main_task.obj (.data:rtsp_tx_buffer)
                  20037a40    00000402     ovSifInterface.a : ov_sif_if.obj (.data:fw_buffer)
                  20037e42    00000002     get_av_task.obj (.data)
                  20037e44    0000028c     audio_tx_task.obj (.data:app_a_data)
                  200380d0    00000280     audio_tx_task.obj (.data:tx_buffer)
                  20038350    00000200     audio_tx_task.obj (.data:empty_buffer)
                  20038550    000001f7     rtsp_main_task.obj (.data:app_rtsp_describe_msg)
                  20038747    00000001     main.obj (.data)
                  20038748    00000150     lp3p0_plat_ops.obj (.data:cc32xx_io_park)
                  20038898    000000b0     rtsv7M4_T_le_eabi.lib : signal.obj (.data:sigtable)
                  20038948    00000080                           : xvalues.obj (.data)
                  200389c8    00000064     rtsp_main_task.obj (.data:rtsp_session_config)
                  20038a2c    00000064     cc_pal_app.obj (.data:spi_buffer)
                  20038a90    00000060     lp3p0_board.obj (.data:modules)
                  20038af0    00000050     ovSifInterface.a : ov_sif_if.obj (.data)
                  20038b40    00000048     middleware.a : cc_pm.obj (.data:pform_info)
                  20038b88    0000003c     cc_pal_app.obj (.data)
                  20038bc4    00000038     middleware.a : cc_pm_ops.obj (.data)
                  20038bfc    00000038     lp3p0_board.obj (.data:uart_settings)
                  20038c34    00000034     free_rtos.a : tasks.obj (.data)
                  20038c68    00000034     middleware.a : hw_timer32.obj (.data:hwt_ops)
                  20038c9c    00000034                  : rtc_hal.obj (.data:hwt_ops)
                  20038cd0    00000034     lp3p0_board.obj (.data:link_spi_settings)
                  20038d04    00000031     rtsp.a : rtsp.obj (.data:rtsp_supported_options)
                  20038d35    00000001     middleware.a : spi_hal.obj (.data)
                  20038d36    00000001                  : uart_drv.obj (.data)
                  20038d37    00000001                  : uart_hal.obj (.data)
                  20038d38    00000030     rtsp.a : rtsp.obj (.data)
                  20038d68    00000026     audio_tx_task.obj (.data)
                  20038d8e    00000002     --HOLE--
                  20038d90    0000001c     rtsp_main_task.obj (.data)
                  20038dac    00000019     video_tx_task.obj (.data)
                  20038dc5    00000003     --HOLE--
                  20038dc8    00000018     lp3p0_board.obj (.data)
                  20038de0    0000000d     simplelink.a : driver.obj (.data)
                  20038ded    00000003     --HOLE--
                  20038df0    0000000c     free_rtos.a : osi_freertos.obj (.data)
                  20038dfc    0000000c     rtsv7M4_T_le_eabi.lib : memory.obj (.data)
                  20038e08    00000009     middleware.a : hw_timer32.obj (.data)
                  20038e11    00000003     --HOLE--
                  20038e14    00000008                  : cc_pm.obj (.data)
                  20038e1c    00000008                  : spi_drv.obj (.data)
                  20038e24    00000008     rtsv7M4_T_le_eabi.lib : _lock.obj (.data)
                  20038e2c    00000008                           : exit.obj (.data)
                  20038e34    00000008                           : feraiseexcept.obj (.data)
                  20038e3c    00000005     provisioning.obj (.data)
                  20038e41    00000003     --HOLE--
                  20038e44    00000004     free_rtos.a : port.obj (.data)
                  20038e48    00000004     middleware.a : cc_timer.obj (.data)
                  20038e4c    00000004                  : rtc_hal.obj (.data)
                  20038e50    00000004     rtsv7M4_T_le_eabi.lib : errno.obj (.data)
                  20038e54    00000004                           : stkdepth_vars.obj (.data)

.TI.persistent 
*          0    20034000    00000000     UNINITIALIZED

.bss       0    20039000    000047d7     UNINITIALIZED
                  20039000    00002880     video_tx_task.obj (.bss:tx_buffer)
                  2003b880    00000800     middleware.a : interrupt_hal.obj (.bss:isr_handler_list)
                  2003c080    00000800     rtprtcp.a : rtcp_rtp.obj (.bss:tmp_endian_buffer)
                  2003c880    00000200     middleware.a : dma_hal.obj (.bss:chan_desc)
                  2003ca80    00000178     simplelink.a : driver.obj (.bss:g_StatMem)
                  2003cbf8    00000008     (.common:msg_on_a_task_q)
                  2003cc00    00000400     lp3p0_board.obj (.bss:dma_ctrl_table)
                  2003d000    00000110     middleware.a : cc_pm_ops.obj (.bss:nvic_reg_store)
                  2003d110    000000f0                  : spi_hal.obj (.bss:spi_ctrl)
                  2003d200    000000d8                  : cc_timer.obj (.bss:sw_timers)
                  2003d2d8    000000c8     free_rtos.a : tasks.obj (.bss:pxReadyTasksLists)
                  2003d3a0    000000b0     middleware.a : uart_hal.obj (.bss:uart_state)
                  2003d450    0000009c                  : spi_drv.obj (.bss:spi_rtos_drv)
                  2003d4ec    0000006c                  : gpio_hal.obj (.bss:gpio_control)
                  2003d558    00000068                  : uart_drv.obj (.bss:uart_rtos_drv)
                  2003d5c0    00000058     rtsp_main_task.obj (.bss:app_av_soc_info)
                  2003d618    00000050     free_rtos.a : queue.obj (.bss:xQueueRegistry)
                  2003d668    0000002c     middleware.a : rtc_hal.obj (.bss:rtc64)
                  2003d694    0000002c                  : hw_timer32.obj (.bss:timers32)
                  2003d6c0    00000028                  : cc_timer.obj (.bss:hwt_objs)
                  2003d6e8    0000001c     (.common:vault_arm_registers)
                  2003d704    00000014     (.common:xDelayedTaskList1)
                  2003d718    00000014     (.common:xDelayedTaskList2)
                  2003d72c    00000014     (.common:xPendingReadyList)
                  2003d740    00000014     (.common:xSuspendedTaskList)
                  2003d754    00000014     (.common:xTasksWaitingTermination)
                  2003d768    00000008     (.common:msg_on_av_task_q)
                  2003d770    00000008     (.common:msg_on_av_task_q)
                  2003d778    00000008     (.common:msg_on_v_task_q)
                  2003d780    00000004     (.common:__Errorlog)
                  2003d784    00000004     (.common:app_a_task_q)
                  2003d788    00000004     (.common:app_av_task_q)
                  2003d78c    00000004     (.common:app_rtsp_rx_task_q)
                  2003d790    00000004     (.common:app_rtsp_task_q)
                  2003d794    00000004     (.common:app_v_task_q)
                  2003d798    00000004     (.common:dsbl_irqc)
                  2003d79c    00000004     (.common:dsbl_irqc)
                  2003d7a0    00000004     (.common:dsbl_irqc)
                  2003d7a4    00000004     (.common:enbl_irqc)
                  2003d7a8    00000004     (.common:enbl_irqc)
                  2003d7ac    00000004     (.common:enbl_irqc)
                  2003d7b0    00000004     (.common:i)
                  2003d7b4    00000004     (.common:ov_if_lock)
                  2003d7b8    00000004     (.common:ov_q_obj)
                  2003d7bc    00000004     (.common:pxDelayedTaskList)
                  2003d7c0    00000004     (.common:pxOverflowDelayedTaskList)
                  2003d7c4    00000004     (.common:rtp_lock)
                  2003d7c8    00000004     (.common:rtsp_lock)
                  2003d7cc    00000004     (.common:timer_hndl)
                  2003d7d0    00000004     (.common:user_sel_power_mode)
                  2003d7d4    00000001     (.common:RxIrqCnt)
                  2003d7d5    00000001     (.common:frame_rate)
                  2003d7d6    00000001     (.common:g_bDeviceRestartIsRequired)

.TI.noinit 
*          0    20039000    00000000     UNINITIALIZED

.stack     0    2003f000    00001000     UNINITIALIZED
                  2003f000    00001000     --HOLE--


LINKER GENERATED COPY TABLES

__TI_cinit_table @ 20019650 records: 2, size/record: 8, table size: 16
	.data: load addr=20019060, load size=000005dc bytes, run addr=20034000, run size=00004e58 bytes, compression=rle
	.bss: load addr=20019648, load size=00000008 bytes, run addr=20039000, run size=000047d7 bytes, compression=zero_init


LINKER GENERATED HANDLER TABLE

__TI_handler_table @ 2001963c records: 3, size/record: 4, table size: 12
	index: 0, handler: __TI_decompress_rle24
	index: 1, handler: __TI_decompress_none
	index: 2, handler: __TI_zero_init


GLOBAL SYMBOLS: SORTED ALPHABETICALLY BY Name 

address   name                               
-------   ----                               
2001679d  C$$EXIT                            
200184b3  CPUcpsie                           
200186a5  CPUipsr                            
2001862d  CPUwfi                             
2000d621  ClearTerm                          
2000a05d  ConnectToNetwork                   
2000d62b  Error                              
20015f0d  FlashDisable                       
200170c5  GPIODirModeSet                     
200184c7  GPIOIntClear                       
200181a1  GPIOIntEnable                      
20017ce9  GPIOIntStatus                      
200138fd  GPIOIntTypeSet                     
20018223  GPIOPinRead                        
20017df9  GPIOPinWrite                       
2000d663  GetCmd                             
2001596d  HwSpinLockRelease                  
20014549  HwSpinLockTryAcquire               
2000d5e1  InitTerm                           
20012151  IntDisable                         
200121f9  IntEnable                          
200186af  IntMasterEnable                    
20015109  IntPendClear                       
20013331  IntPendSet                         
20015319  IntPrioritySet                     
20017e19  IntRegister                        
20017b39  IntUnregister                      
200184dd  IntVTableBaseSet                   
2000d5ff  Message                            
2000a049  Network_IF_DeInitDriver            
20009ffb  Network_IF_InitDriver              
20018639  NwpMaskInterrupt                   
20016f3d  NwpPowerOff                        
20017e39  NwpPowerOn                         
20017a79  NwpRegisterInterruptHandler        
20018645  NwpUnMaskInterrupt                 
20018d6c  OpcodeTranslateTable               
2000f089  PRCMCC3200MCUInit                  
200183ed  PRCMHIBRegRead                     
20018403  PRCMHIBRegWrite                    
200184f1  PRCMHibernateEnter                 
200133b9  PRCMHibernateIntervalSet           
200145b9  PRCMHibernateWakeUpGPIOSelect      
20015f55  PRCMHibernateWakeupSourceDisable   
20015f9d  PRCMHibernateWakeupSourceEnable    
20016f75  PRCMIntDisable                     
20016fad  PRCMIntEnable                      
20018651  PRCMIntStatus                      
20015fe5  PRCMLPDSEnter                      
20017689  PRCMLPDSIntervalSet                
20017e59  PRCMLPDSRestoreInfoSet             
20017b5d  PRCMLPDSWakeUpGPIOSelect           
2001865d  PRCMLPDSWakeupCauseGet             
2001823d  PRCMLPDSWakeupSourceDisable        
20017961  PRCMLPDSWakeupSourceEnable         
20017989  PRCMPeripheralClkDisable           
20016c71  PRCMPeripheralClkEnable            
20012be5  PRCMPeripheralClockGet             
20015161  PRCMPeripheralReset                
200170fd  PRCMPeripheralStatusGet            
20013bff  PRCMRTCGet                         
200186cd  PRCMRTCInUseSet                    
20013b81  PRCMRTCMatchGet                    
20012c79  PRCMRTCMatchSet                    
20017e79  PRCMSRAMRetentionEnable            
200186d5  PRCMSleepEnter                     
20016cad  PRCMSlowClkCtrFastGet              
20015511  PRCMSlowClkCtrGet                  
200164f5  PRCMSlowClkCtrMatchGet             
20017b81  PRCMSlowClkCtrMatchSet             
200176b5  PRCMSysResetCauseGet               
2001602d  PinConfigGet                       
20013441  PinConfigSet                       
20016ce9  PinDirModeSet                      
200169b5  PinModeSet                         
20017301  PinTypeGPIO                        
200181bb  PinTypeSPI                         
200181d5  PinTypeUART                        
2000d7b1  Report                             
2001861f  ResetISR                           
2003d7d4  RxIrqCnt                           
UNDEFED   SHT$$INIT_ARRAY$$Base              
UNDEFED   SHT$$INIT_ARRAY$$Limit             
20018255  SPICSDisable                       
2001826d  SPICSEnable                        
2001253d  SPIConfigSetExpClk                 
20017e99  SPIDataGet                         
20017f59  SPIDataPut                         
20018285  SPIDisable                         
200181ef  SPIDmaEnable                       
2001829d  SPIEnable                          
20018209  SPIFIFOEnable                      
20017131  SPIFIFOLevelSet                    
20016075  SPIIntClear                        
200159b9  SPIIntEnable                       
20013c7d  SPIIntStatus                       
20017d0b  SPIReset                           
200134c9  SPITransfer                        
20017d2d  SPIWordCountSet                    
20009b15  SimpleLinkGeneralEventHandler      
20009bc7  SimpleLinkHttpServerCallback       
20009a0f  SimpleLinkNetAppEventHandler       
20009b39  SimpleLinkSockEventHandler         
20009925  SimpleLinkWlanEventHandler         
2001657d  TimerConfigure                     
20017f77  TimerDisable                       
20017f95  TimerEnable                        
20018569  TimerIntClear                      
200182b5  TimerIntDisable                    
200182cd  TimerIntEnable                     
20017fb3  TimerIntStatus                     
20014ad9  TimerIntUnregister                 
200180a3  TimerLoadGet                       
200177bd  TimerLoadSet                       
200180bf  TimerMatchGet                      
200177e7  TimerMatchSet                      
20017811  TimerPrescaleSet                   
200180db  TimerValueGet                      
20017d4f  TimerValueSet                      
2000e67d  Timer_IF_DeInit                    
2000e6af  Timer_IF_GetCount                  
2000e591  Timer_IF_Init                      
2000e5c3  Timer_IF_IntSetup                  
2000e635  Timer_IF_InterruptClear            
2000e697  Timer_IF_ReLoad                    
2000e64d  Timer_IF_Start                     
2000e66d  Timer_IF_Stop                      
2000d719  TrimSpace                          
200180f7  UARTCharGetNonBlocking             
20017fd1  UARTCharPut                        
20017bed  UARTCharPutNonBlocking             
200182e5  UARTCharsAvail                     
20014049  UARTConfigSetExpClk                
200182fd  UARTDMADisable                     
20018315  UARTDMAEnable                      
20017331  UARTDisable                        
20017c11  UARTEnable                         
20018419  UARTFIFODisable                    
2001842f  UARTFIFOEnable                     
2001857b  UARTIntClear                       
2001832d  UARTIntDisable                     
20018345  UARTIntEnable                      
20017fef  UARTIntStatus                      
200186dd  UtilsDelay                         
200115f5  Utils_SpiFlashDeepPowerDown        
200116a1  Utils_TriggerHibCycle              
2000cc99  VDeleteSimpleLinkSpawnTask         
2000cc49  VStartSimpleLinkSpawnTask          
20017865  _Dclass                            
20038948  _Denorm                            
20011c49  _Dnorm                             
20010585  _Dscale                            
20014c11  _Dunscale                          
20038958  _Eps                               
20038e50  _Errno                             
20038e34  _Fenv                              
20017571  _Feraise                           
20038968  _Hugeval                           
20038978  _Inf                               
20038988  _Nan                               
200389a8  _Rteps                             
20018de4  _SlActionLookupTable               
200125dd  _SlDriverHandleError               
20011b89  _SlDrvCmdOp                        
200147e9  _SlDrvCmdSend                      
2000e161  _SlDrvDataReadOp                   
2000f641  _SlDrvDataWriteOp                  
20012851  _SlDrvDeviceEventHandler           
200185d5  _SlDrvDispatchHttpServerEvents     
2001012d  _SlDrvDriverCBDeinit               
2000ed69  _SlDrvDriverCBInit                 
20017c35  _SlDrvGlobalObjUnLock              
200165c1  _SlDrvHandleHttpServerEvents       
200169f5  _SlDrvHandleNetAppEvents           
20016a35  _SlDrvHandleWlanEvents             
20018445  _SlDrvMemZero                      
20011379  _SlDrvMsgReadSpawnCtx              
2001079d  _SlDrvNetAppEventHandler           
20017d71  _SlDrvObjLockWaitForever           
2001800d  _SlDrvObjUnLock                    
20015a05  _SlDrvProtectAsyncRespSetting      
200179d9  _SlDrvProtectionObjLockWaitForever 
20017c59  _SlDrvProtectionObjUnLock          
2000e341  _SlDrvReleasePoolObj               
200185f5  _SlDrvResetCmdExt                  
20015561  _SlDrvRxIrqHandler                 
2001802b  _SlDrvSyncObjSignal                
20017c7d  _SlDrvSyncObjWaitForever           
20016a75  _SlDrvSyncObjWaitTimeout           
2000eef9  _SlDrvWaitForPoolObj               
20018f28  _SlNetAppSendTokenValueCmdCtrl     
20038998  _Snan                              
20038e38  _Tls_setup__Fenv                   
200389b8  _Xbig                              
200389c0  _Zero                              
20040000  __STACK_END                        
00001000  __STACK_SIZE                       
00010000  __SYSMEM_SIZE                      
20019650  __TI_CINIT_Base                    
20019660  __TI_CINIT_Limit                   
2001963c  __TI_Handler_Table_Base            
20019648  __TI_Handler_Table_Limit           
2001492d  __TI_auto_init                     
20038e2c  __TI_cleanup_ptr                   
20018603  __TI_decompress_none               
200186e3  __TI_decompress_rle24              
20038e30  __TI_dtors_ptr                     
200063fd  __TI_printfi                       
20019060  __TI_static_base__                 
20018675  __TI_zero_init                     
20013661  __aeabi_cdcmpeq                    
20013661  __aeabi_cdcmple                    
200136e7  __aeabi_cdrcmple                   
200163d5  __aeabi_d2iz                       
2000e6db  __aeabi_dadd                       
2000fb4d  __aeabi_ddiv                       
200109a5  __aeabi_dmul                       
2000e6d1  __aeabi_dsub                       
200175d1  __aeabi_i2d                        
20013def  __aeabi_memclr                     
20013def  __aeabi_memclr4                    
20013def  __aeabi_memclr8                    
20012719  __aeabi_memcpy                     
20012719  __aeabi_memcpy4                    
20012719  __aeabi_memcpy8                    
20013df1  __aeabi_memset                     
20013df1  __aeabi_memset4                    
20013df1  __aeabi_memset8                    
2000df6d  __aeabi_uldivmod                   
ffffffff  __binit__                          
ffffffff  __c_args__                         
2003f000  __stack                            
200183d5  _args_main                         
20016d9d  _c_int00                           
20018810  _ctypes_                           
20038e24  _lock                              
2001853b  _nop                               
20018533  _register_lock                     
2001852d  _register_unlock                   
20014cdd  _sl_HandleAsync_Accept             
20013981  _sl_HandleAsync_Connect            
20012e35  _sl_HandleAsync_DnsGetHostByName   
20011935  _sl_HandleAsync_DnsGetHostByService
20013a01  _sl_HandleAsync_InitComplete       
20012ec5  _sl_HandleAsync_PingResponse       
2001536d  _sl_HandleAsync_Select             
200155b1  _sl_HandleAsync_Stop               
20014855  _sl_NetAppSendTokenValue           
20024000  _sys_memory                        
200186ed  _system_pre_init                   
20038e28  _unlock                            
20038daa  a_config                           
200167a1  abort                              
20037e44  app_a_data                         
2003d784  app_a_task_q                       
2000b23d  app_a_tx_task_entry                
2003d5c0  app_av_soc_info                    
2003d788  app_av_task_q                      
2000aad9  app_get_av_task_entry              
2000d8c7  app_get_state                      
200067cd  app_main_task_entry                
20038550  app_rtsp_describe_msg              
20006a81  app_rtsp_rx_task_entry             
2003d78c  app_rtsp_rx_task_q                 
2003d790  app_rtsp_task_q                    
2000d8b3  app_set_state                      
20034000  app_v_data                         
2003d794  app_v_task_q                       
2000b8d9  app_v_tx_task_entry                
20015d49  atoi                               
2000f8d5  back_up_nvic_regs                  
ffffffff  binit                              
2000d1d5  calloc                             
20038748  cc32xx_io_park                     
200176e1  cc_app_putoff_pm                   
20017199  cc_app_resume_pm                   
20016105  cc_are_irqs_pending                
2001858d  cc_back_up_soc_data                
2000c597  cc_config_ov_irq                   
2000c805  cc_configure_spi                   
20014135  cc_dma_alloc                       
2001321d  cc_dma_chan_config                 
200141a9  cc_dma_desc_config                 
20017391  cc_dma_init                        
20011867  cc_dma_submit_endp                 
200186b9  cc_enter_S1                        
200186e9  cc_enter_S2                        
2001845b  cc_enter_S3                        
200186c3  cc_enter_S4                        
2000c4d7  cc_get_timestamp                   
2000c551  cc_gpio_a1_irq_handler             
2000c657  cc_gpio_config_high                
2000c6f5  cc_gpio_config_low                 
2000c5d9  cc_gpio_configure                  
2001144d  cc_gpio_get_spl_purpose            
2000c78d  cc_gpio_if_get                     
2000c7d1  cc_gpio_if_status                  
20012f55  cc_gpio_init                       
20014b41  cc_gpio_restore_context            
20018669  cc_handle_S3_wakeup                
200153c1  cc_hwt32_get_current               
20018471  cc_hwt32_get_frequency             
20015415  cc_hwt32_get_remaining             
2001614d  cc_hwt32_get_rollovers             
20011ac5  cc_hwt32_init                      
20016605  cc_hwt32_is_running                
20016af5  cc_hwt32_isr                       
200173c1  cc_hwt32_register_cb               
20014ed1  cc_hwt32_start                     
20015ae9  cc_hwt32_stop                      
20015601  cc_hwt32_update                    
20015051  cc_idle_task_pm                    
20011521  cc_io_park_safe                    
20016d25  cc_module_drv_register             
20014f31  cc_module_drv_unregister           
20014779  cc_modules_load                    
20038bc4  cc_pm_ctrl                         
20017eb9  cc_pm_framework_init               
20013105  cc_pm_platform_ops_register        
20016649  cc_restore_soc_data                
2001668d  cc_rtc_fast_read_config            
20016fe5  cc_rtc_has_alarm                   
20010c79  cc_rtc_init                        
2001421d  cc_rtc_isr                         
2001267d  cc_set_up_wkup_srcs                
200140bf  cc_spi_configure                   
20011d09  cc_spi_control                     
20018505  cc_spi_deinit                      
20015b35  cc_spi_init                        
20014291  cc_spi_isr                         
20014305  cc_spi_rd_submit                   
2000c845  cc_spi_read                        
20014379  cc_spi_wr_submit                   
2000c889  cc_spi_write                       
2000c45f  cc_start_timer                     
2000c4dd  cc_start_timestamp_cnt             
2000c4a5  cc_stop_timer                      
2000c53d  cc_stop_timestamp_cnt              
2000c445  cc_timer_a0_int_handler            
2000c4b9  cc_timer_a2_int_handler            
200166d1  cc_timer_module_init               
20010f29  cc_timer_register_hwt_ops          
200151b9  cc_uart_configure                  
2000dafd  cc_uart_control                    
20018519  cc_uart_deinit                     
20013e69  cc_uart_init                       
2000e887  cc_uart_isr                        
2000d231  clk_dsbl_op                        
2000d209  clk_enbl_op                        
2000c905  config_interface                   
20015d95  copy_in                            
20038747  curr_state                         
20038bf8  debug                              
2003cc00  dma_ctrl_table                     
20016ec7  drv_callback_ops_complete          
20004691  eTaskGetState                      
200167a9  exit                               
20037e42  fd                                 
20017235  feraiseexcept                      
2000cf23  free                               
20017db5  frexp                              
2003d7d6  g_bDeviceRestartIsRequired         
20038de4  g_pCB                              
20004000  g_pfnVectors                       
20038e3c  g_ulStatus                         
2001770d  global_intr_handler                
2003d4ec  gpio_control                       
20038bd9  gpio_hib_inttype                   
200122a1  gpio_interrupt_handler             
2000d88f  gpio_intr_hndlr                    
20038dc8  gpio_list                          
20038bd2  gpio_lpds_inttype                  
20017ed9  gpio_wake_interrupt_handler        
20038bcc  gpio_wake_src                      
2003d7b0  i                                  
20038e18  idle_trace                         
20038e40  isProvisioning                     
20038d35  is_spictrl_reset                   
20038e1c  is_spidrv_reset                    
20038d36  is_uartdrv_reset                   
20038d37  is_uartstate_reset                 
2003b880  isr_handler_list                   
200164ad  ldexp                              
20038bbc  led_pin                            
20038bb0  led_port                           
20038cd0  link_spi_settings                  
2000f3cb  lp3p0_back_up_soc_data             
2000f371  lp3p0_can_try_pm_state             
2000f43d  lp3p0_enter_hibernate              
2000f449  lp3p0_get_pm_ops                   
2000f3ed  lp3p0_restore_soc_data             
2000f42d  lp3p0_setup_power_policy           
200152c1  ltoa                               
2000d8cd  main                               
20038e54  main_func_sp                       
2000cebb  malloc                             
[...]
20011935  _sl_HandleAsync_DnsGetHostByService
20011ac5  cc_hwt32_init                      
20011b89  _SlDrvCmdOp                        
20011c49  _Dnorm                             
20011d09  cc_spi_control                     
20011dc9  ulPortSetInterruptMask             
20011ddf  vPortClearInterruptMask            
20011ded  xPortPendSVHandler                 
20011e39  vPortSVCHandler                    
20011e61  prvPortStartFirstTask              
20011e79  portCLZ                            
20011f39  sl_DevGet                          
200120a1  sl_OpenFile                        
200120c9  sl_GetFileSize                     
20012109  sl_GetData                         
20012131  sl_CloseFile                       
20012151  IntDisable                         
200121f9  IntEnable                          
200122a1  gpio_interrupt_handler             
20012349  sl_WlanSmartConfigStart            
2001253d  SPIConfigSetExpClk                 
200125dd  _SlDriverHandleError               
2001267d  cc_set_up_wkup_srcs                
20012719  __aeabi_memcpy                     
20012719  __aeabi_memcpy4                    
20012719  __aeabi_memcpy8                    
20012719  memcpy                             
200127b5  sl_Bind                            
20012851  _SlDrvDeviceEventHandler           
20012a1d  sl_FsClose                         
20012ab5  spi_handle_pm_cmd                  
20012b4d  uart_handle_pm_cmd                 
20012be5  PRCMPeripheralClockGet             
20012c79  PRCMRTCMatchSet                    
20012da1  sl_FsGetInfo                       
20012e35  _sl_HandleAsync_DnsGetHostByName   
20012ec5  _sl_HandleAsync_PingResponse       
20012f55  cc_gpio_init                       
20012fe5  spi_read                           
20013075  spi_write                          
20013105  cc_pm_platform_ops_register        
20013191  sl_FsOpen                          
2001321d  cc_dma_chan_config                 
200132a7  spi_open                           
20013331  IntPendSet                         
200133b9  PRCMHibernateIntervalSet           
20013441  PinConfigSet                       
200134c9  SPITransfer                        
20013551  vsnprintf                          
200135d9  sl_Recv                            
20013661  __aeabi_cdcmpeq                    
20013661  __aeabi_cdcmple                    
200136e7  __aeabi_cdrcmple                   
200138fd  GPIOIntTypeSet                     
20013981  _sl_HandleAsync_Connect            
20013a01  _sl_HandleAsync_InitComplete       
20013b81  PRCMRTCMatchGet                    
20013bff  PRCMRTCGet                         
20013c7d  SPIIntStatus                       
20013cf9  sl_SetSockOpt                      
20013def  __aeabi_memclr                     
20013def  __aeabi_memclr4                    
20013def  __aeabi_memclr8                    
20013df1  __aeabi_memset                     
20013df1  __aeabi_memset4                    
20013df1  __aeabi_memset8                    
20013df7  memset                             
20013e69  cc_uart_init                       
20014049  UARTConfigSetExpClk                
200140bf  cc_spi_configure                   
20014135  cc_dma_alloc                       
200141a9  cc_dma_desc_config                 
2001421d  cc_rtc_isr                         
20014291  cc_spi_isr                         
20014305  cc_spi_rd_submit                   
20014379  cc_spi_wr_submit                   
200144d5  spi_Read                           
20014549  HwSpinLockTryAcquire               
200145b9  PRCMHibernateWakeUpGPIOSelect      
20014709  sl_Socket                          
20014779  cc_modules_load                    
200147e9  _SlDrvCmdSend                      
20014855  _sl_NetAppSendTokenValue           
2001492d  __TI_auto_init                     
20014ad9  TimerIntUnregister                 
20014b41  cc_gpio_restore_context            
20014ba9  resume_from_S3                     
20014c11  _Dunscale                          
20014cdd  _sl_HandleAsync_Accept             
20014e09  uDMAChannelAttributeDisable        
20014e6d  uDMAChannelAttributeEnable         
20014ed1  cc_hwt32_start                     
20014f31  cc_module_drv_unregister           
20014ff1  sprintf                            
20015051  cc_idle_task_pm                    
20015109  IntPendClear                       
20015161  PRCMPeripheralReset                
200151b9  cc_uart_configure                  
200152c1  ltoa                               
20015319  IntPrioritySet                     
2001536d  _sl_HandleAsync_Select             
200153c1  cc_hwt32_get_current               
20015415  cc_hwt32_get_remaining             
20015511  PRCMSlowClkCtrGet                  
20015561  _SlDrvRxIrqHandler                 
200155b1  _sl_HandleAsync_Stop               
20015601  cc_hwt32_update                    
20015791  register_isr                       
200157e1  sl_Listen                          
2001596d  HwSpinLockRelease                  
200159b9  SPIIntEnable                       
20015a05  _SlDrvProtectAsyncRespSetting      
20015ae9  cc_hwt32_stop                      
20015b35  cc_spi_init                        
20015d49  atoi                               
20015d95  copy_in                            
20015de1  uDMAChannelAssign                  
20015e2d  util_u32_nsec_add                  
20015f0d  FlashDisable                       
20015f55  PRCMHibernateWakeupSourceDisable   
20015f9d  PRCMHibernateWakeupSourceEnable    
20015fe5  PRCMLPDSEnter                      
2001602d  PinConfigGet                       
20016075  SPIIntClear                        
20016105  cc_are_irqs_pending                
2001614d  cc_hwt32_get_rollovers             
200163d5  __aeabi_d2iz                       
20016465  util_u32_nsec_sub                  
200164ad  ldexp                              
200164f5  PRCMSlowClkCtrMatchGet             
2001657d  TimerConfigure                     
200165c1  _SlDrvHandleHttpServerEvents       
20016605  cc_hwt32_is_running                
20016649  cc_restore_soc_data                
2001668d  cc_rtc_fast_read_config            
200166d1  cc_timer_module_init               
2001679d  C$$EXIT                            
200167a1  abort                              
200167a9  exit                               
200167e1  sl_Close                           
20016825  sl_WlanProfileDel                  
20016869  sl_WlanSetMode                     
20016931  sl_Htonl                           
20016973  uart_callback_from_hal             
200169b5  PinModeSet                         
200169f5  _SlDrvHandleNetAppEvents           
20016a35  _SlDrvHandleWlanEvents             
20016a75  _SlDrvSyncObjWaitTimeout           
20016af5  cc_hwt32_isr                       
20016b75  signal                             
20016bb5  try_S2_no_irq                      
20016bf5  util_u32_data_add                  
20016c71  PRCMPeripheralClkEnable            
20016cad  PRCMSlowClkCtrFastGet              
20016ce9  PinDirModeSet                      
20016d25  cc_module_drv_register             
20016d9d  _c_int00                           
20016dd9  sl_Htons                           
20016e15  uDMAChannelControlSet              
20016e51  util_u64_data_cmp                  
20016ec7  drv_callback_ops_complete          
20016f3d  NwpPowerOff                        
20016f75  PRCMIntDisable                     
20016fad  PRCMIntEnable                      
20016fe5  cc_rtc_has_alarm                   
2001701d  pvPortMalloc                       
2001703d  vPortFree                          
200170c5  GPIODirModeSet                     
200170fd  PRCMPeripheralStatusGet            
20017131  SPIFIFOLevelSet                    
20017199  cc_app_resume_pm                   
20017235  feraiseexcept                      
20017269  strstr                             
20017301  PinTypeGPIO                        
20017331  UARTDisable                        
20017391  cc_dma_init                        
200173c1  cc_hwt32_register_cb               
20017541  strncpy                            
20017571  _Feraise                           
200175a1  try_S1_no_irq                      
200175d1  __aeabi_i2d                        
200175ff  raise                              
2001762d  spi_Write                          
2001765b  util_u32_data_cmp                  
20017689  PRCMLPDSIntervalSet                
200176b5  PRCMSysResetCauseGet               
200176e1  cc_app_putoff_pm                   
2001770d  global_intr_handler                
20017765  try_S3_no_irq                      
20017791  try_S4_no_irq                      
200177bd  TimerLoadSet                       
200177e7  TimerMatchSet                      
20017811  TimerPrescaleSet                   
20017865  _Dclass                            
200178e3  util_u64_data_add                  
2001790d  util_u64_time_add                  
20017961  PRCMLPDSWakeupSourceEnable         
20017989  PRCMPeripheralClkDisable           
200179d9  _SlDrvProtectionObjLockWaitForever 
20017a29  spi_close                          
20017a51  wake_interrupt_handler             
20017a79  NwpRegisterInterruptHandler        
20017aeb  sl_Provisioning_HttpServerEventHdl 
20017af9  sl_Provisioning_NetAppEventHdl     
20017b05  sl_Provisioning_WlanEventHdl       
20017b39  IntUnregister                      
20017b5d  PRCMLPDSWakeUpGPIOSelect           
20017b81  PRCMSlowClkCtrMatchSet             
20017bed  UARTCharPutNonBlocking             
20017c11  UARTEnable                         
20017c35  _SlDrvGlobalObjUnLock              
20017c59  _SlDrvProtectionObjUnLock          
20017c7d  _SlDrvSyncObjWaitForever           
20017cc5  memmove                            
20017ce9  GPIOIntStatus                      
20017d0b  SPIReset                           
20017d2d  SPIWordCountSet                    
20017d4f  TimerValueSet                      
20017d71  _SlDrvObjLockWaitForever           
20017db5  frexp                              
20017dd7  memcmp                             
20017df9  GPIOPinWrite                       
20017e19  IntRegister                        
20017e39  NwpPowerOn                         
20017e59  PRCMLPDSRestoreInfoSet             
20017e79  PRCMSRAMRetentionEnable            
20017e99  SPIDataGet                         
20017eb9  cc_pm_framework_init               
20017ed9  gpio_wake_interrupt_handler        
20017f59  SPIDataPut                         
20017f77  TimerDisable                       
20017f95  TimerEnable                        
20017fb3  TimerIntStatus                     
20017fd1  UARTCharPut                        
20017fef  UARTIntStatus                      
2001800d  _SlDrvObjUnLock                    
2001802b  _SlDrvSyncObjSignal                
20018085  strcat                             
200180a3  TimerLoadGet                       
200180bf  TimerMatchGet                      
200180db  TimerValueGet                      
200180f7  UARTCharGetNonBlocking             
2001812f  memccpy                            
2001814b  spi_Open                           
20018169  uDMAChannelEnable                  
20018185  uDMAChannelRequest                 
200181a1  GPIOIntEnable                      
200181bb  PinTypeSPI                         
200181d5  PinTypeUART                        
200181ef  SPIDmaEnable                       
20018209  SPIFIFOEnable                      
20018223  GPIOPinRead                        
2001823d  PRCMLPDSWakeupSourceDisable        
20018255  SPICSDisable                       
2001826d  SPICSEnable                        
20018285  SPIDisable                         
2001829d  SPIEnable                          
200182b5  TimerIntDisable                    
200182cd  TimerIntEnable                     
200182e5  UARTCharsAvail                     
200182fd  UARTDMADisable                     
20018315  UARTDMAEnable                      
2001832d  UARTIntDisable                     
20018345  UARTIntEnable                      
200183d5  _args_main                         
200183ed  PRCMHIBRegRead                     
20018403  PRCMHIBRegWrite                    
20018419  UARTFIFODisable                    
2001842f  UARTFIFOEnable                     
20018445  _SlDrvMemZero                      
2001845b  cc_enter_S3                        
20018471  cc_hwt32_get_frequency             
20018487  strchr                             
200184b3  CPUcpsie                           
200184c7  GPIOIntClear                       
200184dd  IntVTableBaseSet                   
200184f1  PRCMHibernateEnter                 
20018505  cc_spi_deinit                      
20018519  cc_uart_deinit                     
2001852d  _register_unlock                   
20018533  _register_lock                     
2001853b  _nop                               
20018541  strlen                             
20018555  uDMAControlBaseSet                 
20018569  TimerIntClear                      
2001857b  UARTIntClear                       
2001858d  cc_back_up_soc_data                
200185d5  _SlDrvDispatchHttpServerEvents     
200185f5  _SlDrvResetCmdExt                  
20018603  __TI_decompress_none               
20018611  spi_Close                          
2001861f  ResetISR                           
2001862d  CPUwfi                             
20018639  NwpMaskInterrupt                   
20018645  NwpUnMaskInterrupt                 
20018651  PRCMIntStatus                      
2001865d  PRCMLPDSWakeupCauseGet             
20018669  cc_handle_S3_wakeup                
20018675  __TI_zero_init                     
20018681  spi_interrupt_handler              
2001868d  uDMAEnable                         
20018699  uart_interrupt_handler             
200186a5  CPUipsr                            
200186af  IntMasterEnable                    
200186b9  cc_enter_S1                        
200186c3  cc_enter_S4                        
200186cd  PRCMRTCInUseSet                    
200186d5  PRCMSleepEnter                     
200186dd  UtilsDelay                         
200186e3  __TI_decompress_rle24              
200186e9  cc_enter_S2                        
200186ed  _system_pre_init                   
20018810  _ctypes_                           
20018d6c  OpcodeTranslateTable               
20018de4  _SlActionLookupTable               
20018f28  _SlNetAppSendTokenValueCmdCtrl     
20019060  __TI_static_base__                 
2001963c  __TI_Handler_Table_Base            
20019648  __TI_Handler_Table_Limit           
20019650  __TI_CINIT_Base                    
20019660  __TI_CINIT_Limit                   
20024000  _sys_memory                        
20034000  app_v_data                         
20037e42  fd                                 
20037e44  app_a_data                         
20038550  app_rtsp_describe_msg              
20038747  curr_state                         
20038748  cc32xx_io_park                     
20038948  _Denorm                            
20038958  _Eps                               
20038968  _Hugeval                           
20038978  _Inf                               
20038988  _Nan                               
20038998  _Snan                              
200389a8  _Rteps                             
200389b8  _Xbig                              
200389c0  _Zero                              
200389c8  rtsp_session_config                
20038a2c  spi_buffer                         
20038a90  modules                            
20038b9c  timestamp_counter                  
20038ba0  ti_ov_port                         
20038ba4  ov_ti_port                         
20038ba8  spi_cs_port                        
20038bac  pwr_enable_port                    
20038bb0  led_port                           
20038bb4  wlan_enable_port                   
20038bb8  ti_ov_pin                          
20038bb9  ov_ti_pin                          
20038bba  spi_cs_pin                         
20038bbb  pwr_enable_pin                     
20038bbc  led_pin                            
20038bbd  wlan_enable_pin                    
20038bc0  pIraEventHandler                   
20038bc4  cc_pm_ctrl                         
20038bcc  gpio_wake_src                      
20038bd2  gpio_lpds_inttype                  
20038bd9  gpio_hib_inttype                   
20038be0  nvic_int_mask                      
20038bf8  debug                              
20038bfc  uart_settings                      
20038c34  pxCurrentTCB                       
20038cd0  link_spi_settings                  
20038d35  is_spictrl_reset                   
20038d36  is_uartdrv_reset                   
20038d37  is_uartstate_reset                 
20038d50  rtsp_parser                        
20038d68  p_a_soc_info                       
20038d6c  p_play_buffer                      
20038da4  v_config                           
20038daa  a_config                           
20038dac  p_v_soc_info                       
20038dc8  gpio_list                          
20038dd8  sw_simulate_rtc                    
20038ddc  sw_simulate_timer                  
20038de4  g_pCB                              
20038de8  pPingCallBackFunc                  
20038df0  xHigherPriorityTaskWoken           
20038df4  xSimpleLinkSpawnQueue              
20038df8  xSimpleLinkSpawnTaskHndl           
20038e18  idle_trace                         
20038e1c  is_spidrv_reset                    
20038e20  spi_reset                          
20038e24  _lock                              
20038e28  _unlock                            
20038e2c  __TI_cleanup_ptr                   
20038e30  __TI_dtors_ptr                     
20038e34  _Fenv                              
20038e38  _Tls_setup__Fenv                   
20038e3c  g_ulStatus                         
20038e40  isProvisioning                     
20038e50  _Errno                             
20038e54  main_func_sp                       
2003b880  isr_handler_list                   
2003cc00  dma_ctrl_table                     
2003d000  nvic_reg_store                     
2003d110  spi_ctrl                           
2003d3a0  uart_state                         
2003d450  spi_rtos_drv                       
2003d4ec  gpio_control                       
2003d558  uart_rtos_drv                      
2003d5c0  app_av_soc_info                    
2003d618  xQueueRegistry                     
2003d6e8  vault_arm_registers                
2003d784  app_a_task_q                       
2003d788  app_av_task_q                      
2003d78c  app_rtsp_rx_task_q                 
2003d790  app_rtsp_task_q                    
2003d794  app_v_task_q                       
2003d7b0  i                                  
2003d7b4  ov_if_lock                         
2003d7b8  ov_q_obj                           
2003d7c4  rtp_lock                           
2003d7c8  rtsp_lock                          
2003d7cc  timer_hndl                         
2003d7d0  user_sel_power_mode                
2003d7d4  RxIrqCnt                           
2003d7d6  g_bDeviceRestartIsRequired         
2003f000  __stack                            
20040000  __STACK_END                        
ffffffff  __binit__                          
ffffffff  __c_args__                         
ffffffff  binit                              
UNDEFED   SHT$$INIT_ARRAY$$Base              
UNDEFED   SHT$$INIT_ARRAY$$Limit             

[678 symbols]
